03-10-2026 00:56:39 AM - utility.merge_csv_helper - ERROR - file not merged 
03-10-2026 01:10:08 AM - utility.merge_csv_helper - INFO - Total records: 86
03-10-2026 01:10:08 AM - utility.merge_csv_helper - INFO - merged.csv merged file created
03-10-2026 01:10:08 AM - utility.db_script - ERROR - db connection failed
03-10-2026 01:16:15 AM - utility.merge_csv_helper - INFO - Total records: 86
03-10-2026 01:16:15 AM - utility.merge_csv_helper - INFO - merged.csv merged file created
03-10-2026 01:16:15 AM - utility.db_script - ERROR - db connection failed
03-10-2026 01:19:35 AM - utility.merge_csv_helper - INFO - Total records: 86
03-10-2026 01:19:35 AM - utility.merge_csv_helper - INFO - merged.csv merged file created
03-10-2026 01:19:35 AM - utility.db_script - ERROR - db connection failed
03-10-2026 01:21:08 AM - utility.merge_csv_helper - INFO - Total records: 86
03-10-2026 01:21:08 AM - utility.merge_csv_helper - INFO - merged.csv merged file created
03-10-2026 01:21:08 AM - utility.db_script - ERROR - DB connection failed: 'Logger' object is not callable
03-10-2026 01:22:21 AM - utility.merge_csv_helper - INFO - Total records: 86
03-10-2026 01:22:21 AM - utility.merge_csv_helper - INFO - merged.csv merged file created
03-10-2026 01:23:42 AM - utility.merge_csv_helper - INFO - Total records: 86
03-10-2026 01:23:42 AM - utility.merge_csv_helper - INFO - merged.csv merged file created
03-10-2026 01:23:42 AM - utility.db_script - ERROR - DB connection failed: 'host'
03-10-2026 01:24:36 AM - utility.merge_csv_helper - INFO - Total records: 86
03-10-2026 01:24:36 AM - utility.merge_csv_helper - INFO - merged.csv merged file created
03-10-2026 01:26:25 AM - utility.merge_csv_helper - INFO - Total records: 86
03-10-2026 01:26:25 AM - utility.merge_csv_helper - INFO - merged.csv merged file created
03-10-2026 01:26:25 AM - utility.db_script - ERROR - DB connection failed: 'user'
03-10-2026 01:27:21 AM - utility.merge_csv_helper - INFO - Total records: 86
03-10-2026 01:27:21 AM - utility.merge_csv_helper - INFO - merged.csv merged file created
03-10-2026 01:27:21 AM - utility.db_script - INFO - DB connection successful
03-10-2026 01:27:21 AM - utility.db_script - ERROR - DB connection failed: (1366, "Incorrect integer value: 'E003' for column 'empid' at row 1")
03-10-2026 01:32:20 AM - utility.merge_csv_helper - INFO - Total records: 86
03-10-2026 01:32:20 AM - utility.merge_csv_helper - INFO - merged.csv merged file created
03-10-2026 01:32:33 AM - utility.merge_csv_helper - INFO - Total records: 86
03-10-2026 01:32:33 AM - utility.merge_csv_helper - INFO - merged.csv merged file created
03-10-2026 01:32:34 AM - utility.db_script - INFO - DB connection successful
03-10-2026 01:32:34 AM - utility.db_script - INFO - Data inserted successfully

