01-10-2026 10:43:19 AM - utils.logger - INFO - Assignment No. 11 started
01-10-2026 10:43:19 AM - utils.logger - INFO - Connecting to SFTP server
01-10-2026 10:43:19 AM - paramiko.transport - DEBUG - starting thread (client mode): 0xdab37b60
01-10-2026 10:43:19 AM - paramiko.transport - DEBUG - Local version/idstring: SSH-2.0-paramiko_5.0.0
01-10-2026 10:43:19 AM - paramiko.transport - DEBUG - Remote version/idstring: SSH-2.0-SSH-2.0-SFTPCloud.io
01-10-2026 10:43:19 AM - paramiko.transport - INFO - Connected (version 2.0, client SSH-2.0-SFTPCloud.io)
01-10-2026 10:43:19 AM - paramiko.transport - DEBUG - === Key exchange possibilities ===
01-10-2026 10:43:19 AM - paramiko.transport - DEBUG - kex algos: curve25519-sha256, curve25519-sha256@libssh.org, ecdh-sha2-nistp256, ecdh-sha2-nistp384, ecdh-sha2-nistp521, diffie-hellman-group14-sha256, diffie-hellman-group1-sha1, diffie-hellman-group14-sha1, diffie-hellman-group16-sha512, kex-strict-s-v00@openssh.com
01-10-2026 10:43:19 AM - paramiko.transport - DEBUG - server key: rsa-sha2-256, rsa-sha2-512, ecdsa-sha2-nistp256, ssh-ed25519
01-10-2026 10:43:19 AM - paramiko.transport - DEBUG - client encrypt: aes128-gcm@openssh.com, aes256-gcm@openssh.com, chacha20-poly1305@openssh.com, aes128-ctr, aes192-ctr, aes256-ctr
01-10-2026 10:43:19 AM - paramiko.transport - DEBUG - server encrypt: aes128-gcm@openssh.com, aes256-gcm@openssh.com, chacha20-poly1305@openssh.com, aes128-ctr, aes192-ctr, aes256-ctr
01-10-2026 10:43:19 AM - paramiko.transport - DEBUG - client mac: hmac-sha2-256-etm@openssh.com, hmac-sha2-256
01-10-2026 10:43:19 AM - paramiko.transport - DEBUG - server mac: hmac-sha2-256-etm@openssh.com, hmac-sha2-256
01-10-2026 10:43:19 AM - paramiko.transport - DEBUG - client compress: none
01-10-2026 10:43:19 AM - paramiko.transport - DEBUG - server compress: none
01-10-2026 10:43:19 AM - paramiko.transport - DEBUG - client lang: <none>
01-10-2026 10:43:19 AM - paramiko.transport - DEBUG - server lang: <none>
01-10-2026 10:43:19 AM - paramiko.transport - DEBUG - kex follows: False
01-10-2026 10:43:19 AM - paramiko.transport - DEBUG - === Key exchange agreements ===
01-10-2026 10:43:19 AM - paramiko.transport - DEBUG - Strict kex mode: True
01-10-2026 10:43:19 AM - paramiko.transport - DEBUG - Kex: curve25519-sha256@libssh.org
01-10-2026 10:43:19 AM - paramiko.transport - DEBUG - HostKey: ssh-ed25519
01-10-2026 10:43:19 AM - paramiko.transport - DEBUG - Cipher: aes128-ctr
01-10-2026 10:43:19 AM - paramiko.transport - DEBUG - MAC: hmac-sha2-256
01-10-2026 10:43:19 AM - paramiko.transport - DEBUG - Compression: none
01-10-2026 10:43:19 AM - paramiko.transport - DEBUG - === End of kex handshake ===
01-10-2026 10:43:20 AM - paramiko.transport - DEBUG - Resetting outbound seqno after NEWKEYS due to strict mode
01-10-2026 10:43:20 AM - paramiko.transport - DEBUG - kex engine KexCurve25519 specified hash_algo <built-in function openssl_sha256>
01-10-2026 10:43:20 AM - paramiko.transport - DEBUG - Switch to new keys ...
01-10-2026 10:43:20 AM - paramiko.transport - DEBUG - Resetting inbound seqno after NEWKEYS due to strict mode
01-10-2026 10:43:20 AM - paramiko.transport - DEBUG - Attempting password auth...
01-10-2026 10:43:20 AM - paramiko.transport - DEBUG - Got EXT_INFO: {'server-sig-algs': b'ssh-ed25519,sk-ssh-ed25519@openssh.com,sk-ecdsa-sha2-nistp256@openssh.com,ecdsa-sha2-nistp256,ecdsa-sha2-nistp384,ecdsa-sha2-nistp521,rsa-sha2-256,rsa-sha2-512,ssh-rsa,ssh-dss', 'ping@openssh.com': b'0'}
01-10-2026 10:43:20 AM - paramiko.transport - DEBUG - userauth is OK
01-10-2026 10:43:21 AM - paramiko.transport - INFO - Authentication (password) failed.
01-10-2026 10:43:21 AM - utils.logger - ERROR - SFTP error occurred
Traceback (most recent call last):
  File "C:\Users\Admin\PycharmProjects\Assignment11\utils\sftp_utils.py", line 58, in download_file
    transport.connect(
    ~~~~~~~~~~~~~~~~~^
        username=username,
        ^^^^^^^^^^^^^^^^^^
        password=password
        ^^^^^^^^^^^^^^^^^
    )
    ^
  File "C:\Users\Admin\PycharmProjects\Assignment11\.venv\Lib\site-packages\paramiko\transport.py", line 1356, in connect
    self.auth_password(username, password)
    ~~~~~~~~~~~~~~~~~~^^^^^^^^^^^^^^^^^^^^
  File "C:\Users\Admin\PycharmProjects\Assignment11\.venv\Lib\site-packages\paramiko\transport.py", line 1529, in auth_password
    return self.auth_handler.wait_for_response(my_event)
           ~~~~~~~~~~~~~~~~~~~~~~~~~~~~~~~~~~~^^^^^^^^^^
  File "C:\Users\Admin\PycharmProjects\Assignment11\.venv\Lib\site-packages\paramiko\auth_handler.py", line 227, in wait_for_response
    raise e
paramiko.ssh_exception.AuthenticationException: Authentication failed.
01-10-2026 10:43:21 AM - paramiko.transport - DEBUG - EOF in transport thread
01-10-2026 10:43:21 AM - utils.logger - INFO - SFTP connection closed
01-10-2026 10:43:21 AM - utils.logger - ERROR - File download failed
01-10-2026 10:47:05 AM - utils.logger - INFO - Assignment No. 11 started
01-10-2026 10:47:05 AM - utils.logger - INFO - Connecting to SFTP server
01-10-2026 10:47:06 AM - paramiko.transport - DEBUG - starting thread (client mode): 0xe5d07b60
01-10-2026 10:47:06 AM - paramiko.transport - DEBUG - Local version/idstring: SSH-2.0-paramiko_5.0.0
01-10-2026 10:47:06 AM - paramiko.transport - DEBUG - Remote version/idstring: SSH-2.0-SSH-2.0-SFTPCloud.io
01-10-2026 10:47:06 AM - paramiko.transport - INFO - Connected (version 2.0, client SSH-2.0-SFTPCloud.io)
01-10-2026 10:47:06 AM - paramiko.transport - DEBUG - === Key exchange possibilities ===
01-10-2026 10:47:06 AM - paramiko.transport - DEBUG - kex algos: curve25519-sha256, curve25519-sha256@libssh.org, ecdh-sha2-nistp256, ecdh-sha2-nistp384, ecdh-sha2-nistp521, diffie-hellman-group14-sha256, diffie-hellman-group1-sha1, diffie-hellman-group14-sha1, diffie-hellman-group16-sha512, kex-strict-s-v00@openssh.com
01-10-2026 10:47:06 AM - paramiko.transport - DEBUG - server key: rsa-sha2-256, rsa-sha2-512, ecdsa-sha2-nistp256, ssh-ed25519
01-10-2026 10:47:06 AM - paramiko.transport - DEBUG - client encrypt: aes128-gcm@openssh.com, aes256-gcm@openssh.com, chacha20-poly1305@openssh.com, aes128-ctr, aes192-ctr, aes256-ctr
01-10-2026 10:47:06 AM - paramiko.transport - DEBUG - server encrypt: aes128-gcm@openssh.com, aes256-gcm@openssh.com, chacha20-poly1305@openssh.com, aes128-ctr, aes192-ctr, aes256-ctr
01-10-2026 10:47:06 AM - paramiko.transport - DEBUG - client mac: hmac-sha2-256-etm@openssh.com, hmac-sha2-256
01-10-2026 10:47:06 AM - paramiko.transport - DEBUG - server mac: hmac-sha2-256-etm@openssh.com, hmac-sha2-256
01-10-2026 10:47:06 AM - paramiko.transport - DEBUG - client compress: none
01-10-2026 10:47:06 AM - paramiko.transport - DEBUG - server compress: none
01-10-2026 10:47:06 AM - paramiko.transport - DEBUG - client lang: <none>
01-10-2026 10:47:06 AM - paramiko.transport - DEBUG - server lang: <none>
01-10-2026 10:47:06 AM - paramiko.transport - DEBUG - kex follows: False
01-10-2026 10:47:06 AM - paramiko.transport - DEBUG - === Key exchange agreements ===
01-10-2026 10:47:06 AM - paramiko.transport - DEBUG - Strict kex mode: True
01-10-2026 10:47:06 AM - paramiko.transport - DEBUG - Kex: curve25519-sha256@libssh.org
01-10-2026 10:47:06 AM - paramiko.transport - DEBUG - HostKey: ssh-ed25519
01-10-2026 10:47:06 AM - paramiko.transport - DEBUG - Cipher: aes128-ctr
01-10-2026 10:47:06 AM - paramiko.transport - DEBUG - MAC: hmac-sha2-256
01-10-2026 10:47:06 AM - paramiko.transport - DEBUG - Compression: none
01-10-2026 10:47:06 AM - paramiko.transport - DEBUG - === End of kex handshake ===
01-10-2026 10:47:07 AM - paramiko.transport - DEBUG - Resetting outbound seqno after NEWKEYS due to strict mode
01-10-2026 10:47:07 AM - paramiko.transport - DEBUG - kex engine KexCurve25519 specified hash_algo <built-in function openssl_sha256>
01-10-2026 10:47:07 AM - paramiko.transport - DEBUG - Switch to new keys ...
01-10-2026 10:47:07 AM - paramiko.transport - DEBUG - Resetting inbound seqno after NEWKEYS due to strict mode
01-10-2026 10:47:07 AM - paramiko.transport - DEBUG - Attempting password auth...
01-10-2026 10:47:07 AM - paramiko.transport - DEBUG - Got EXT_INFO: {'server-sig-algs': b'ssh-ed25519,sk-ssh-ed25519@openssh.com,sk-ecdsa-sha2-nistp256@openssh.com,ecdsa-sha2-nistp256,ecdsa-sha2-nistp384,ecdsa-sha2-nistp521,rsa-sha2-256,rsa-sha2-512,ssh-rsa,ssh-dss', 'ping@openssh.com': b'0'}
01-10-2026 10:47:07 AM - paramiko.transport - DEBUG - userauth is OK
01-10-2026 10:47:07 AM - paramiko.transport - INFO - Authentication (password) successful!
01-10-2026 10:47:07 AM - paramiko.transport - DEBUG - [chan 0] Max packet in: 32768 bytes
01-10-2026 10:47:08 AM - paramiko.transport - DEBUG - [chan 0] Max packet out: 32768 bytes
01-10-2026 10:47:08 AM - paramiko.transport - DEBUG - Secsh channel 0 opened.
01-10-2026 10:47:08 AM - paramiko.transport - DEBUG - [chan 0] Sesch channel 0 request ok
01-10-2026 10:47:08 AM - paramiko.transport.sftp - INFO - [chan 0] Opened sftp connection (server version 3)
01-10-2026 10:47:08 AM - utils.logger - INFO - SFTP connection successful
01-10-2026 10:47:08 AM - paramiko.transport.sftp - DEBUG - [chan 0] stat(b'/Assignment11.csv')
01-10-2026 10:47:09 AM - utils.logger - ERROR - Required file not found: Assignment11.csv
01-10-2026 10:47:09 AM - paramiko.transport.sftp - INFO - [chan 0] sftp session closed.
01-10-2026 10:47:09 AM - paramiko.transport - DEBUG - [chan 0] EOF sent (0)
01-10-2026 10:47:09 AM - paramiko.transport - DEBUG - EOF in transport thread
01-10-2026 10:47:09 AM - utils.logger - INFO - SFTP connection closed
01-10-2026 10:47:09 AM - utils.logger - ERROR - File download failed
01-10-2026 10:48:37 AM - utils.logger - INFO - Assignment No. 11 started
01-10-2026 10:48:37 AM - utils.logger - INFO - Connecting to SFTP server
01-10-2026 10:48:37 AM - paramiko.transport - DEBUG - starting thread (client mode): 0xcfc47b60
01-10-2026 10:48:37 AM - paramiko.transport - DEBUG - Local version/idstring: SSH-2.0-paramiko_5.0.0
01-10-2026 10:48:37 AM - paramiko.transport - DEBUG - Remote version/idstring: SSH-2.0-SSH-2.0-SFTPCloud.io
01-10-2026 10:48:37 AM - paramiko.transport - INFO - Connected (version 2.0, client SSH-2.0-SFTPCloud.io)
01-10-2026 10:48:37 AM - paramiko.transport - DEBUG - === Key exchange possibilities ===
01-10-2026 10:48:37 AM - paramiko.transport - DEBUG - kex algos: curve25519-sha256, curve25519-sha256@libssh.org, ecdh-sha2-nistp256, ecdh-sha2-nistp384, ecdh-sha2-nistp521, diffie-hellman-group14-sha256, diffie-hellman-group1-sha1, diffie-hellman-group14-sha1, diffie-hellman-group16-sha512, kex-strict-s-v00@openssh.com
01-10-2026 10:48:37 AM - paramiko.transport - DEBUG - server key: rsa-sha2-256, rsa-sha2-512, ecdsa-sha2-nistp256, ssh-ed25519
01-10-2026 10:48:37 AM - paramiko.transport - DEBUG - client encrypt: aes128-gcm@openssh.com, aes256-gcm@openssh.com, chacha20-poly1305@openssh.com, aes128-ctr, aes192-ctr, aes256-ctr
01-10-2026 10:48:37 AM - paramiko.transport - DEBUG - server encrypt: aes128-gcm@openssh.com, aes256-gcm@openssh.com, chacha20-poly1305@openssh.com, aes128-ctr, aes192-ctr, aes256-ctr
01-10-2026 10:48:37 AM - paramiko.transport - DEBUG - client mac: hmac-sha2-256-etm@openssh.com, hmac-sha2-256
01-10-2026 10:48:37 AM - paramiko.transport - DEBUG - server mac: hmac-sha2-256-etm@openssh.com, hmac-sha2-256
01-10-2026 10:48:37 AM - paramiko.transport - DEBUG - client compress: none
01-10-2026 10:48:37 AM - paramiko.transport - DEBUG - server compress: none
01-10-2026 10:48:37 AM - paramiko.transport - DEBUG - client lang: <none>
01-10-2026 10:48:37 AM - paramiko.transport - DEBUG - server lang: <none>
01-10-2026 10:48:37 AM - paramiko.transport - DEBUG - kex follows: False
01-10-2026 10:48:37 AM - paramiko.transport - DEBUG - === Key exchange agreements ===
01-10-2026 10:48:37 AM - paramiko.transport - DEBUG - Strict kex mode: True
01-10-2026 10:48:37 AM - paramiko.transport - DEBUG - Kex: curve25519-sha256@libssh.org
01-10-2026 10:48:37 AM - paramiko.transport - DEBUG - HostKey: ssh-ed25519
01-10-2026 10:48:37 AM - paramiko.transport - DEBUG - Cipher: aes128-ctr
01-10-2026 10:48:37 AM - paramiko.transport - DEBUG - MAC: hmac-sha2-256
01-10-2026 10:48:37 AM - paramiko.transport - DEBUG - Compression: none
01-10-2026 10:48:37 AM - paramiko.transport - DEBUG - === End of kex handshake ===
01-10-2026 10:48:38 AM - paramiko.transport - DEBUG - Resetting outbound seqno after NEWKEYS due to strict mode
01-10-2026 10:48:38 AM - paramiko.transport - DEBUG - kex engine KexCurve25519 specified hash_algo <built-in function openssl_sha256>
01-10-2026 10:48:38 AM - paramiko.transport - DEBUG - Switch to new keys ...
01-10-2026 10:48:38 AM - paramiko.transport - DEBUG - Resetting inbound seqno after NEWKEYS due to strict mode
01-10-2026 10:48:38 AM - paramiko.transport - DEBUG - Attempting password auth...
01-10-2026 10:48:38 AM - paramiko.transport - DEBUG - Got EXT_INFO: {'server-sig-algs': b'ssh-ed25519,sk-ssh-ed25519@openssh.com,sk-ecdsa-sha2-nistp256@openssh.com,ecdsa-sha2-nistp256,ecdsa-sha2-nistp384,ecdsa-sha2-nistp521,rsa-sha2-256,rsa-sha2-512,ssh-rsa,ssh-dss', 'ping@openssh.com': b'0'}
01-10-2026 10:48:38 AM - paramiko.transport - DEBUG - userauth is OK
01-10-2026 10:48:38 AM - paramiko.transport - INFO - Authentication (password) successful!
01-10-2026 10:48:38 AM - paramiko.transport - DEBUG - [chan 0] Max packet in: 32768 bytes
01-10-2026 10:48:39 AM - paramiko.transport - DEBUG - [chan 0] Max packet out: 32768 bytes
01-10-2026 10:48:39 AM - paramiko.transport - DEBUG - Secsh channel 0 opened.
01-10-2026 10:48:39 AM - paramiko.transport - DEBUG - [chan 0] Sesch channel 0 request ok
01-10-2026 10:48:39 AM - paramiko.transport.sftp - INFO - [chan 0] Opened sftp connection (server version 3)
01-10-2026 10:48:39 AM - utils.logger - INFO - SFTP connection successful
01-10-2026 10:48:39 AM - paramiko.transport.sftp - DEBUG - [chan 0] stat(b'/Assignment11.csv')
01-10-2026 10:48:39 AM - paramiko.transport.sftp - DEBUG - [chan 0] stat(b'/Assignment11.csv')
01-10-2026 10:48:39 AM - paramiko.transport.sftp - DEBUG - [chan 0] open(b'/Assignment11.csv', 'rb')
01-10-2026 10:48:40 AM - paramiko.transport.sftp - DEBUG - [chan 0] open(b'/Assignment11.csv', 'rb') -> 31
01-10-2026 10:48:40 AM - paramiko.transport.sftp - DEBUG - [chan 0] close(31)
01-10-2026 10:48:40 AM - utils.logger - INFO - File downloaded successfully: Assignment11.csv
01-10-2026 10:48:40 AM - paramiko.transport.sftp - INFO - [chan 0] sftp session closed.
01-10-2026 10:48:40 AM - paramiko.transport - DEBUG - [chan 0] EOF sent (0)
01-10-2026 10:48:41 AM - paramiko.transport - DEBUG - EOF in transport thread
01-10-2026 10:48:41 AM - utils.logger - INFO - SFTP connection closed
01-10-2026 10:48:41 AM - utils.logger - INFO - Reading CSV file: download/Assignment11.csv
01-10-2026 10:48:41 AM - utils.logger - INFO - Header: ['Customer_ID', 'Name', 'Age', 'City', 'Department', 'Salary']
01-10-2026 10:48:41 AM - utils.logger - INFO - CSV file read successfully
01-10-2026 10:48:41 AM - utils.logger - INFO - Total records: 6
01-10-2026 10:48:41 AM - utils.logger - INFO - MySQL connected successfully
01-10-2026 10:48:41 AM - utils.logger - INFO - Data inserted successfully
01-10-2026 10:48:41 AM - utils.logger - INFO - Total records inserted: 6
01-10-2026 10:48:41 AM - utils.logger - INFO - MySQL connection closed
01-10-2026 10:48:41 AM - utils.logger - INFO - Assignment No. 11 completed successfully
01-10-2026 11:03:08 AM - utils.logger - INFO - Assignment No. 11 started
01-10-2026 11:03:08 AM - utils.logger - INFO - Connecting to SFTP server
01-10-2026 11:03:08 AM - paramiko.transport - DEBUG - starting thread (client mode): 0x8f117b60
01-10-2026 11:03:08 AM - paramiko.transport - DEBUG - Local version/idstring: SSH-2.0-paramiko_5.0.0
01-10-2026 11:03:08 AM - paramiko.transport - DEBUG - Remote version/idstring: SSH-2.0-SSH-2.0-SFTPCloud.io
01-10-2026 11:03:08 AM - paramiko.transport - INFO - Connected (version 2.0, client SSH-2.0-SFTPCloud.io)
01-10-2026 11:03:08 AM - paramiko.transport - DEBUG - === Key exchange possibilities ===
01-10-2026 11:03:08 AM - paramiko.transport - DEBUG - kex algos: curve25519-sha256, curve25519-sha256@libssh.org, ecdh-sha2-nistp256, ecdh-sha2-nistp384, ecdh-sha2-nistp521, diffie-hellman-group14-sha256, diffie-hellman-group1-sha1, diffie-hellman-group14-sha1, diffie-hellman-group16-sha512, kex-strict-s-v00@openssh.com
01-10-2026 11:03:08 AM - paramiko.transport - DEBUG - server key: rsa-sha2-256, rsa-sha2-512, ecdsa-sha2-nistp256, ssh-ed25519
01-10-2026 11:03:08 AM - paramiko.transport - DEBUG - client encrypt: aes128-gcm@openssh.com, aes256-gcm@openssh.com, chacha20-poly1305@openssh.com, aes128-ctr, aes192-ctr, aes256-ctr
01-10-2026 11:03:08 AM - paramiko.transport - DEBUG - server encrypt: aes128-gcm@openssh.com, aes256-gcm@openssh.com, chacha20-poly1305@openssh.com, aes128-ctr, aes192-ctr, aes256-ctr
01-10-2026 11:03:08 AM - paramiko.transport - DEBUG - client mac: hmac-sha2-256-etm@openssh.com, hmac-sha2-256
01-10-2026 11:03:08 AM - paramiko.transport - DEBUG - server mac: hmac-sha2-256-etm@openssh.com, hmac-sha2-256
01-10-2026 11:03:08 AM - paramiko.transport - DEBUG - client compress: none
01-10-2026 11:03:08 AM - paramiko.transport - DEBUG - server compress: none
01-10-2026 11:03:08 AM - paramiko.transport - DEBUG - client lang: <none>
01-10-2026 11:03:08 AM - paramiko.transport - DEBUG - server lang: <none>
01-10-2026 11:03:08 AM - paramiko.transport - DEBUG - kex follows: False
01-10-2026 11:03:08 AM - paramiko.transport - DEBUG - === Key exchange agreements ===
01-10-2026 11:03:08 AM - paramiko.transport - DEBUG - Strict kex mode: True
01-10-2026 11:03:08 AM - paramiko.transport - DEBUG - Kex: curve25519-sha256@libssh.org
01-10-2026 11:03:08 AM - paramiko.transport - DEBUG - HostKey: ssh-ed25519
01-10-2026 11:03:08 AM - paramiko.transport - DEBUG - Cipher: aes128-ctr
01-10-2026 11:03:08 AM - paramiko.transport - DEBUG - MAC: hmac-sha2-256
01-10-2026 11:03:08 AM - paramiko.transport - DEBUG - Compression: none
01-10-2026 11:03:08 AM - paramiko.transport - DEBUG - === End of kex handshake ===
01-10-2026 11:03:09 AM - paramiko.transport - DEBUG - Resetting outbound seqno after NEWKEYS due to strict mode
01-10-2026 11:03:09 AM - paramiko.transport - DEBUG - kex engine KexCurve25519 specified hash_algo <built-in function openssl_sha256>
01-10-2026 11:03:09 AM - paramiko.transport - DEBUG - Switch to new keys ...
01-10-2026 11:03:09 AM - paramiko.transport - DEBUG - Resetting inbound seqno after NEWKEYS due to strict mode
01-10-2026 11:03:09 AM - paramiko.transport - DEBUG - Attempting password auth...
01-10-2026 11:03:09 AM - paramiko.transport - DEBUG - Got EXT_INFO: {'server-sig-algs': b'ssh-ed25519,sk-ssh-ed25519@openssh.com,sk-ecdsa-sha2-nistp256@openssh.com,ecdsa-sha2-nistp256,ecdsa-sha2-nistp384,ecdsa-sha2-nistp521,rsa-sha2-256,rsa-sha2-512,ssh-rsa,ssh-dss', 'ping@openssh.com': b'0'}
01-10-2026 11:03:09 AM - paramiko.transport - DEBUG - userauth is OK
01-10-2026 11:03:09 AM - paramiko.transport - INFO - Authentication (password) successful!
01-10-2026 11:03:09 AM - paramiko.transport - DEBUG - [chan 0] Max packet in: 32768 bytes
01-10-2026 11:03:10 AM - paramiko.transport - DEBUG - [chan 0] Max packet out: 32768 bytes
01-10-2026 11:03:10 AM - paramiko.transport - DEBUG - Secsh channel 0 opened.
01-10-2026 11:03:10 AM - paramiko.transport - DEBUG - [chan 0] Sesch channel 0 request ok
01-10-2026 11:03:10 AM - paramiko.transport.sftp - INFO - [chan 0] Opened sftp connection (server version 3)
01-10-2026 11:03:10 AM - utils.logger - INFO - SFTP connection successful
01-10-2026 11:03:10 AM - paramiko.transport.sftp - DEBUG - [chan 0] stat(b'/Assignment11.csv')
01-10-2026 11:03:10 AM - paramiko.transport.sftp - DEBUG - [chan 0] stat(b'/Assignment11.csv')
01-10-2026 11:03:10 AM - paramiko.transport.sftp - DEBUG - [chan 0] open(b'/Assignment11.csv', 'rb')
01-10-2026 11:03:11 AM - paramiko.transport.sftp - DEBUG - [chan 0] open(b'/Assignment11.csv', 'rb') -> 31
01-10-2026 11:03:11 AM - paramiko.transport.sftp - DEBUG - [chan 0] close(31)
01-10-2026 11:03:11 AM - utils.logger - INFO - File downloaded successfully: Assignment11.csv
01-10-2026 11:03:11 AM - paramiko.transport.sftp - INFO - [chan 0] sftp session closed.
01-10-2026 11:03:11 AM - paramiko.transport - DEBUG - [chan 0] EOF sent (0)
01-10-2026 11:03:11 AM - paramiko.transport - DEBUG - EOF in transport thread
01-10-2026 11:03:11 AM - utils.logger - INFO - SFTP connection closed
01-10-2026 11:03:11 AM - utils.logger - INFO - Reading CSV file: download/Assignment11.csv
01-10-2026 11:03:11 AM - utils.logger - INFO - Header: ['Customer_ID', 'Name', 'Age', 'City', 'Department', 'Salary']
01-10-2026 11:03:11 AM - utils.logger - INFO - CSV file read successfully
01-10-2026 11:03:11 AM - utils.logger - INFO - Total records: 6
01-10-2026 11:03:11 AM - utils.logger - INFO - MySQL connected successfully
01-10-2026 11:03:11 AM - utils.logger - INFO - Data inserted successfully
01-10-2026 11:03:11 AM - utils.logger - INFO - Total records inserted: 6
01-10-2026 11:03:11 AM - utils.logger - INFO - MySQL connection closed
01-10-2026 11:03:11 AM - utils.logger - INFO - Assignment No. 11 completed successfully
